Apr-20 13:35:51.780 [main] DEBUG nextflow.cli.Launcher - $> nextflow run main.nf -profile conda -process.cpus 4
Apr-20 13:35:51.957 [main] DEBUG nextflow.cli.CmdRun - N E X T F L O W  ~  version 25.10.4
Apr-20 13:35:51.987 [main] DEBUG nextflow.plugin.PluginsFacade - Setting up plugin manager > mode=prod; embedded=false; plugins-dir=/Users/ameyagarwal/.nextflow/plugins; core-plugins: nf-amazon@3.4.4,nf-azure@1.20.2,nf-cloudcache@0.5.0,nf-codecommit@0.5.0,nf-console@1.3.0,nf-google@1.23.5,nf-k8s@1.2.2,nf-tower@1.17.5,nf-wave@1.16.1
Apr-20 13:35:52.020 [main] INFO  o.pf4j.DefaultPluginStatusProvider - Enabled plugins: []
Apr-20 13:35:52.022 [main] INFO  o.pf4j.DefaultPluginStatusProvider - Disabled plugins: []
Apr-20 13:35:52.025 [main] INFO  org.pf4j.DefaultPluginManager - PF4J version 3.12.0 in 'deployment' mode
Apr-20 13:35:52.044 [main] DEBUG nextflow.util.RetryConfig - Missing nextflow session - using default retry config
Apr-20 13:35:52.223 [main] INFO  org.pf4j.AbstractPluginManager - No plugins
Apr-20 13:35:52.267 [main] DEBUG nextflow.config.ConfigBuilder - Found config local: /Users/ameyagarwal/Desktop/Assignments/CompGenNextflow/Nextflow-functionalities/nextflow.config
Apr-20 13:35:52.272 [main] DEBUG nextflow.config.ConfigBuilder - Parsing config file: /Users/ameyagarwal/Desktop/Assignments/CompGenNextflow/Nextflow-functionalities/nextflow.config
Apr-20 13:35:52.324 [main] DEBUG nextflow.config.ConfigBuilder - Applying config profile: `conda`
Apr-20 13:35:52.904 [main] DEBUG nextflow.config.ConfigBuilder - Available config profiles: [test, conda]
Apr-20 13:35:52.932 [main] DEBUG nextflow.plugin.PluginsFacade - Plugins default=[]
Apr-20 13:35:52.932 [main] DEBUG nextflow.plugin.PluginsFacade - Plugins resolved requirement=[]
Apr-20 13:35:52.956 [main] DEBUG n.secret.LocalSecretsProvider - Secrets store: /Users/ameyagarwal/.nextflow/secrets/store.json
Apr-20 13:35:52.963 [main] DEBUG nextflow.secret.SecretsLoader - Discovered secrets providers: [nextflow.secret.LocalSecretsProvider@541179e7] - activable => nextflow.secret.LocalSecretsProvider@541179e7
Apr-20 13:35:52.981 [main] DEBUG nextflow.cli.CmdRun - Applied DSL=2 from script declaration
Apr-20 13:35:53.002 [main] DEBUG nextflow.cli.CmdRun - Launching `main.nf` [jolly_moriondo] DSL2 - revision: 3d4734fc10
Apr-20 13:35:53.085 [main] DEBUG nextflow.Session - Session UUID: 241ae8c4-d15d-488c-95d9-06f8998195a0
Apr-20 13:35:53.086 [main] DEBUG nextflow.Session - Run name: jolly_moriondo
Apr-20 13:35:53.086 [main] DEBUG nextflow.Session - Executor pool size: 8
Apr-20 13:35:53.099 [main] DEBUG nextflow.file.FilePorter - File porter settings maxRetries=3; maxTransfers=50; pollTimeout=null
Apr-20 13:35:53.107 [main] DEBUG nextflow.util.ThreadPoolBuilder - Creating thread pool 'FileTransfer' minSize=10; maxSize=24; workQueue=LinkedBlockingQueue[-1]; allowCoreThreadTimeout=false
Apr-20 13:35:53.142 [main] DEBUG nextflow.cli.CmdRun - 
  Version: 25.10.4 build 0
  Created: 10-02-2026 14:37 UTC (09:37 GMT-04:00)
  System: Mac OS X 15.6.1
  Runtime: Groovy 4.0.28 on OpenJDK 64-Bit Server VM 25.0.2
  Encoding: UTF-8 (UTF-8)
  Process: 25314@Ameys-MacBook-Pro.local [127.0.0.1]
  CPUs: 8 - Mem: 8 GB (267.6 MB) - Swap: 9 GB (1.1 GB)
Apr-20 13:35:53.168 [main] DEBUG nextflow.Session - Work-dir: /Users/ameyagarwal/Desktop/Assignments/CompGenNextflow/Nextflow-functionalities/work [Mac OS X]
Apr-20 13:35:53.168 [main] DEBUG nextflow.Session - Script base path does not exist or is not a directory: /Users/ameyagarwal/Desktop/Assignments/CompGenNextflow/Nextflow-functionalities/bin
Apr-20 13:35:53.183 [main] DEBUG nextflow.executor.ExecutorFactory - Extension executors providers=[]
Apr-20 13:35:53.199 [main] DEBUG nextflow.Session - Observer factory (v2): LinObserverFactory
Apr-20 13:35:53.230 [main] DEBUG nextflow.Session - Observer factory (v2): DefaultObserverFactory
Apr-20 13:35:53.295 [main] DEBUG nextflow.cache.CacheFactory - Using Nextflow cache factory: nextflow.cache.DefaultCacheFactory
Apr-20 13:35:53.310 [main] DEBUG nextflow.util.CustomThreadPool - Creating default thread pool > poolSize: 9; maxThreads: 1000
Apr-20 13:35:53.395 [main] DEBUG nextflow.Session - Session start
Apr-20 13:35:53.651 [main] DEBUG nextflow.script.ScriptRunner - > Launching execution
Apr-20 13:35:54.189 [main] INFO  nextflow.Nextflow - 
Genomics Pipeline
=======================
samplesheet : /Users/ameyagarwal/Desktop/Assignments/CompGenNextflow/Nextflow-functionalities/samplesheet.csv
genome      : /Users/ameyagarwal/Desktop/Assignments/CompGenNextflow/Nextflow-functionalities/ref/genome.fa
outdir      : /Users/ameyagarwal/Desktop/Assignments/CompGenNextflow/Nextflow-functionalities/results

Apr-20 13:35:54.314 [main] DEBUG nextflow.executor.ExecutorFactory - << taskConfig executor: null
Apr-20 13:35:54.314 [main] DEBUG nextflow.executor.ExecutorFactory - >> processorType: 'local'
Apr-20 13:35:54.325 [main] DEBUG nextflow.executor.Executor - [warm up] executor > local
Apr-20 13:35:54.333 [main] DEBUG n.processor.LocalPollingMonitor - Creating local task monitor for executor 'local' > cpus=8; memory=8 GB; capacity=8; pollInterval=100ms; dumpInterval=5m
Apr-20 13:35:54.336 [main] DEBUG n.processor.TaskPollingMonitor - >>> barrier register (monitor: local)
Apr-20 13:35:54.363 [main] DEBUG nextflow.processor.TaskProcessor - Creating process 'FASTQC': maxForks=0; fair=false; array=0
Apr-20 13:35:54.406 [main] DEBUG nextflow.executor.ExecutorFactory - << taskConfig executor: null
Apr-20 13:35:54.406 [main] DEBUG nextflow.executor.ExecutorFactory - >> processorType: 'local'
Apr-20 13:35:54.407 [main] DEBUG nextflow.processor.TaskProcessor - Creating process 'TRIMMOMATIC': maxForks=0; fair=false; array=0
Apr-20 13:35:54.412 [main] DEBUG nextflow.executor.ExecutorFactory - << taskConfig executor: null
Apr-20 13:35:54.412 [main] DEBUG nextflow.executor.ExecutorFactory - >> processorType: 'local'
Apr-20 13:35:54.413 [main] DEBUG nextflow.processor.TaskProcessor - Creating process 'SEQKIT_STATS': maxForks=0; fair=false; array=0
Apr-20 13:35:54.417 [main] DEBUG nextflow.executor.ExecutorFactory - << taskConfig executor: null
Apr-20 13:35:54.418 [main] DEBUG nextflow.executor.ExecutorFactory - >> processorType: 'local'
Apr-20 13:35:54.418 [main] DEBUG nextflow.processor.TaskProcessor - Creating process 'SPADES': maxForks=0; fair=false; array=0
Apr-20 13:35:54.421 [main] DEBUG nextflow.Session - Workflow process names [dsl2]: FASTQC, SALMON_INDEX, SPADES, SEQKIT_STATS, SALMON_QUANT, TRIMMOMATIC
Apr-20 13:35:54.424 [main] DEBUG nextflow.Session - Igniting dataflow network (5)
Apr-20 13:35:54.431 [main] DEBUG nextflow.processor.TaskProcessor - Starting process > FASTQC
Apr-20 13:35:54.432 [main] DEBUG nextflow.processor.TaskProcessor - Starting process > TRIMMOMATIC
Apr-20 13:35:54.432 [main] DEBUG nextflow.processor.TaskProcessor - Starting process > SEQKIT_STATS
Apr-20 13:35:54.433 [main] DEBUG nextflow.processor.TaskProcessor - Starting process > SPADES
Apr-20 13:35:54.435 [main] DEBUG nextflow.script.ScriptRunner - Parsed script files:
  Script_92f0885817c42ae8: /Users/ameyagarwal/Desktop/Assignments/CompGenNextflow/Nextflow-functionalities/modules/seqkit.nf
  Script_220b5427b77cc45a: /Users/ameyagarwal/Desktop/Assignments/CompGenNextflow/Nextflow-functionalities/modules/salmon_index.nf
  Script_4db773cc1e8c61da: /Users/ameyagarwal/Desktop/Assignments/CompGenNextflow/Nextflow-functionalities/modules/spades.nf
  Script_ec62311c1b5cf037: /Users/ameyagarwal/Desktop/Assignments/CompGenNextflow/Nextflow-functionalities/main.nf
  Script_80fc20ac74bd9ea9: /Users/ameyagarwal/Desktop/Assignments/CompGenNextflow/Nextflow-functionalities/modules/fastqc.nf
  Script_dc44c5786e83f04f: /Users/ameyagarwal/Desktop/Assignments/CompGenNextflow/Nextflow-functionalities/modules/salmon_quant.nf
  Script_b51a6687f567c04c: /Users/ameyagarwal/Desktop/Assignments/CompGenNextflow/Nextflow-functionalities/modules/trim.nf
Apr-20 13:35:54.435 [main] DEBUG nextflow.script.ScriptRunner - > Awaiting termination 
Apr-20 13:35:54.435 [main] DEBUG nextflow.Session - Session await
Apr-20 13:35:54.573 [Actor Thread 4] DEBUG nextflow.conda.CondaCache - conda found local env for environment=bioconda::trimmomatic=0.39; path=/Users/ameyagarwal/Desktop/Assignments/CompGenNextflow/Nextflow-functionalities/work/conda/env-0046915b3d133c15377355218154162e
Apr-20 13:35:54.573 [Actor Thread 13] DEBUG nextflow.conda.CondaCache - conda found local env for environment=bioconda::fastqc=0.12.1; path=/Users/ameyagarwal/Desktop/Assignments/CompGenNextflow/Nextflow-functionalities/work/conda/env-49dea791c31ead673ed2e341e1c6d206
Apr-20 13:35:54.692 [Task submitter] DEBUG n.executor.local.LocalTaskHandler - Launch cmd line: /bin/bash -ue .command.run
Apr-20 13:35:54.695 [Task submitter] INFO  nextflow.Session - [68/1b6e35] Submitted process > FASTQC (MUT_rep2)
Apr-20 13:36:00.414 [Task monitor] DEBUG n.processor.TaskPollingMonitor - Task completed > TaskHandler[id: 8; name: FASTQC (MUT_rep2); status: COMPLETED; exit: 0; error: -; workDir: /Users/ameyagarwal/Desktop/Assignments/CompGenNextflow/Nextflow-functionalities/work/68/1b6e35312c4b441d9b25bbf35a9124]
Apr-20 13:36:00.415 [Task monitor] DEBUG nextflow.util.ThreadPoolBuilder - Creating thread pool 'TaskFinalizer' minSize=10; maxSize=24; workQueue=LinkedBlockingQueue[-1]; allowCoreThreadTimeout=false
Apr-20 13:36:00.421 [Task submitter] DEBUG n.executor.local.LocalTaskHandler - Launch cmd line: /bin/bash -ue .command.run
Apr-20 13:36:00.422 [Task submitter] INFO  nextflow.Session - [f4/f75eff] Submitted process > FASTQC (MUT_rep1)
Apr-20 13:36:06.121 [Task monitor] DEBUG n.processor.TaskPollingMonitor - Task completed > TaskHandler[id: 5; name: FASTQC (MUT_rep1); status: COMPLETED; exit: 0; error: -; workDir: /Users/ameyagarwal/Desktop/Assignments/CompGenNextflow/Nextflow-functionalities/work/f4/f75effbc312b43ad5ef52400231f1a]
Apr-20 13:36:06.130 [Task submitter] DEBUG n.executor.local.LocalTaskHandler - Launch cmd line: /bin/bash -ue .command.run
Apr-20 13:36:06.131 [Task submitter] INFO  nextflow.Session - [f6/3c68d7] Submitted process > TRIMMOMATIC (MUT_rep2)
Apr-20 13:36:09.310 [Task monitor] DEBUG n.processor.TaskPollingMonitor - Task completed > TaskHandler[id: 7; name: TRIMMOMATIC (MUT_rep2); status: COMPLETED; exit: 0; error: -; workDir: /Users/ameyagarwal/Desktop/Assignments/CompGenNextflow/Nextflow-functionalities/work/f6/3c68d7a0a5845ea361a6e6f4173a96]
Apr-20 13:36:09.314 [Task submitter] DEBUG n.executor.local.LocalTaskHandler - Launch cmd line: /bin/bash -ue .command.run
Apr-20 13:36:09.315 [Task submitter] INFO  nextflow.Session - [42/559cf9] Submitted process > TRIMMOMATIC (WT_rep2)
Apr-20 13:36:09.325 [Actor Thread 7] INFO  nextflow.conda.CondaCache - Creating env using conda: bioconda::spades=3.15.5 conda-forge::python=3.9 [cache /Users/ameyagarwal/Desktop/Assignments/CompGenNextflow/Nextflow-functionalities/work/conda/env-2c12a6665972de87847ebfc9a66dc513]
Apr-20 13:36:09.325 [Actor Thread 2] INFO  nextflow.conda.CondaCache - Creating env using conda: bioconda::seqkit=2.6.1 conda-forge::python=3.9 [cache /Users/ameyagarwal/Desktop/Assignments/CompGenNextflow/Nextflow-functionalities/work/conda/env-450db5c370756908f0c685bf3fb8182e]
Apr-20 13:36:09.337 [TaskFinalizer-3] DEBUG nextflow.util.ThreadPoolBuilder - Creating thread pool 'PublishDir' minSize=10; maxSize=24; workQueue=LinkedBlockingQueue[-1]; allowCoreThreadTimeout=false
Apr-20 13:36:12.596 [Task monitor] DEBUG n.processor.TaskPollingMonitor - Task completed > TaskHandler[id: 4; name: TRIMMOMATIC (WT_rep2); status: COMPLETED; exit: 0; error: -; workDir: /Users/ameyagarwal/Desktop/Assignments/CompGenNextflow/Nextflow-functionalities/work/42/559cf91e8f5467b16ccff8bc23aaba]
Apr-20 13:36:12.602 [Task submitter] DEBUG n.executor.local.LocalTaskHandler - Launch cmd line: /bin/bash -ue .command.run
Apr-20 13:36:12.603 [Task submitter] INFO  nextflow.Session - [40/328aa3] Submitted process > FASTQC (WT_rep1)
Apr-20 13:36:18.150 [Task monitor] DEBUG n.processor.TaskPollingMonitor - Task completed > TaskHandler[id: 1; name: FASTQC (WT_rep1); status: COMPLETED; exit: 0; error: -; workDir: /Users/ameyagarwal/Desktop/Assignments/CompGenNextflow/Nextflow-functionalities/work/40/328aa3be3ae4bcc082db8b4c6a5414]
Apr-20 13:36:18.154 [Task submitter] DEBUG n.executor.local.LocalTaskHandler - Launch cmd line: /bin/bash -ue .command.run
Apr-20 13:36:18.155 [Task submitter] INFO  nextflow.Session - [24/e89d25] Submitted process > TRIMMOMATIC (MUT_rep1)
Apr-20 13:36:21.228 [Task monitor] DEBUG n.processor.TaskPollingMonitor - Task completed > TaskHandler[id: 6; name: TRIMMOMATIC (MUT_rep1); status: COMPLETED; exit: 0; error: -; workDir: /Users/ameyagarwal/Desktop/Assignments/CompGenNextflow/Nextflow-functionalities/work/24/e89d2536b0e074fc0c067bb60c9890]
Apr-20 13:36:21.233 [Task submitter] DEBUG n.executor.local.LocalTaskHandler - Launch cmd line: /bin/bash -ue .command.run
Apr-20 13:36:21.234 [Task submitter] INFO  nextflow.Session - [71/70814e] Submitted process > FASTQC (WT_rep2)
Apr-20 13:36:26.747 [Task monitor] DEBUG n.processor.TaskPollingMonitor - Task completed > TaskHandler[id: 3; name: FASTQC (WT_rep2); status: COMPLETED; exit: 0; error: -; workDir: /Users/ameyagarwal/Desktop/Assignments/CompGenNextflow/Nextflow-functionalities/work/71/70814edadbf15fd14f7d4185b1c70d]
Apr-20 13:36:26.750 [Task submitter] DEBUG n.executor.local.LocalTaskHandler - Launch cmd line: /bin/bash -ue .command.run
Apr-20 13:36:26.751 [Task submitter] INFO  nextflow.Session - [25/27ea5f] Submitted process > TRIMMOMATIC (WT_rep1)
Apr-20 13:36:30.355 [Task monitor] DEBUG n.processor.TaskPollingMonitor - Task completed > TaskHandler[id: 2; name: TRIMMOMATIC (WT_rep1); status: COMPLETED; exit: 0; error: -; workDir: /Users/ameyagarwal/Desktop/Assignments/CompGenNextflow/Nextflow-functionalities/work/25/27ea5f29e7b1e27ddab5c2b75e943c]
Apr-20 13:36:36.327 [Actor Thread 2] DEBUG nextflow.conda.CondaCache - 'conda' create complete env=bioconda::seqkit=2.6.1 conda-forge::python=3.9 path=/Users/ameyagarwal/Desktop/Assignments/CompGenNextflow/Nextflow-functionalities/work/conda/env-450db5c370756908f0c685bf3fb8182e
Apr-20 13:36:36.377 [Task submitter] DEBUG n.executor.local.LocalTaskHandler - Launch cmd line: /bin/bash -ue .command.run
Apr-20 13:36:36.377 [Task submitter] INFO  nextflow.Session - [79/b11f0d] Submitted process > SEQKIT_STATS (MUT_rep2)
Apr-20 13:36:40.931 [Task monitor] DEBUG n.processor.TaskPollingMonitor - Task completed > TaskHandler[id: 9; name: SEQKIT_STATS (MUT_rep2); status: COMPLETED; exit: 0; error: -; workDir: /Users/ameyagarwal/Desktop/Assignments/CompGenNextflow/Nextflow-functionalities/work/79/b11f0d9ed2cec1e30b22ecd12fa22e]
Apr-20 13:36:40.952 [Task submitter] DEBUG n.executor.local.LocalTaskHandler - Launch cmd line: /bin/bash -ue .command.run
Apr-20 13:36:40.952 [Task submitter] INFO  nextflow.Session - [70/9ae8d2] Submitted process > SEQKIT_STATS (WT_rep1)
Apr-20 13:36:43.378 [Task monitor] DEBUG n.processor.TaskPollingMonitor - Task completed > TaskHandler[id: 16; name: SEQKIT_STATS (WT_rep1); status: COMPLETED; exit: 0; error: -; workDir: /Users/ameyagarwal/Desktop/Assignments/CompGenNextflow/Nextflow-functionalities/work/70/9ae8d22761430dbfd4acc48a44e8e8]
Apr-20 13:36:43.382 [Task submitter] DEBUG n.executor.local.LocalTaskHandler - Launch cmd line: /bin/bash -ue .command.run
Apr-20 13:36:43.383 [Task submitter] INFO  nextflow.Session - [46/916b0d] Submitted process > SEQKIT_STATS (MUT_rep1)
Apr-20 13:36:45.769 [Task monitor] DEBUG n.processor.TaskPollingMonitor - Task completed > TaskHandler[id: 13; name: SEQKIT_STATS (MUT_rep1); status: COMPLETED; exit: 0; error: -; workDir: /Users/ameyagarwal/Desktop/Assignments/CompGenNextflow/Nextflow-functionalities/work/46/916b0d7fd78ea13fdeda9eff63feaa]
Apr-20 13:36:45.774 [Task submitter] DEBUG n.executor.local.LocalTaskHandler - Launch cmd line: /bin/bash -ue .command.run
Apr-20 13:36:45.774 [Task submitter] INFO  nextflow.Session - [8f/74e20c] Submitted process > SEQKIT_STATS (WT_rep2)
Apr-20 13:36:48.133 [Task monitor] DEBUG n.processor.TaskPollingMonitor - Task completed > TaskHandler[id: 11; name: SEQKIT_STATS (WT_rep2); status: COMPLETED; exit: 0; error: -; workDir: /Users/ameyagarwal/Desktop/Assignments/CompGenNextflow/Nextflow-functionalities/work/8f/74e20cbddee53b64704b30432a37ee]
Apr-20 13:36:48.209 [Actor Thread 8] DEBUG nextflow.processor.TaskProcessor - Handling unexpected condition for
  task: name=SPADES (1); work-dir=null
  error [java.lang.IllegalStateException]: java.lang.IllegalStateException: Failed to create Conda environment
  command: conda create --yes --quiet --prefix /Users/ameyagarwal/Desktop/Assignments/CompGenNextflow/Nextflow-functionalities/work/conda/env-2c12a6665972de87847ebfc9a66dc513 bioconda::spades=3.15.5 conda-forge::python=3.9
  status : 1
  message:
    2 channel Terms of Service accepted
    Channels:
     - bioconda
     - conda-forge
     - defaults
    Platform: osx-64
    Collecting package metadata (repodata.json): ...working... done
    Solving environment: ...working... failed
    
    LibMambaUnsatisfiableError: Encountered problems while solving:
      - nothing provides _python_rc needed by python-3.14.0rc1-h780d05a_2_cp314t
    
    Could not solve for environment specs
    The following package could not be installed
    └─ spades =3.15.5 * is not installable because it requires
       └─ python >3.9 * but there are no viable options
          ├─ python [3.10.10|3.10.11|...|3.9.23] would require
          │  ├─ libffi >=3.4,<4.0a0 *, which conflicts with any installable versions previously reported;
          │  └─ pypy3.9 [=7.3.11 *|=7.3.12 *|=7.3.13 *|=7.3.15 *|=7.3.9 *] but there are no viable options
          │     ├─ pypy3.9 [7.3.11|7.3.12|7.3.13|7.3.15|7.3.9] would require
          │     │  └─ libffi >=3.4,<4.0a0 *, which conflicts with any installable versions previously reported;
          │     └─ pypy3.9 [7.3.8|7.3.9] would require
          │        └─ libffi >=3.4.2,<3.5.0a0 *, which conflicts with any installable versions previously reported;
          ├─ python [3.11.12|3.11.13|...|3.14.0] would require
          │  └─ libffi >=3.4.6,<3.5.0a0 *, which conflicts with any installable versions previously reported;
          ├─ python [3.11.14|3.11.15|...|3.14.4] would require
          │  └─ libffi >=3.5.2,<3.6.0a0 *, which conflicts with any installable versions previously reported;
          ├─ python [3.14.0rc1|3.14.0rc2|3.14.0rc3] would require
          │  └─ _python_rc =* *, which does not exist (perhaps a missing channel);
          ├─ python [3.10.0|3.10.1|...|3.9.9] would require
          │  ├─ libffi >=3.4.2,<3.5.0a0 *, which conflicts with any installable versions previously reported;
          │  └─ pypy3.9 =7.3.8 *, which cannot be installed (as previously explained);
          ├─ python [3.9.1|3.9.2|...|3.9.7] would require
          │  └─ libffi >=3.3,<3.4.0a0 *, which conflicts with any installable versions previously reported;
          └─ python [3.10.0|3.10.10|...|3.9.7] conflicts with any installable versions previously reported.

Apr-20 13:36:48.236 [Actor Thread 8] ERROR nextflow.processor.TaskProcessor - Error executing process > 'SPADES (1)'

Caused by:
  Failed to create Conda environment
    command: conda create --yes --quiet --prefix /Users/ameyagarwal/Desktop/Assignments/CompGenNextflow/Nextflow-functionalities/work/conda/env-2c12a6665972de87847ebfc9a66dc513 bioconda::spades=3.15.5 conda-forge::python=3.9
    status : 1
    message:
      2 channel Terms of Service accepted
      Channels:
       - bioconda
       - conda-forge
       - defaults
      Platform: osx-64
      Collecting package metadata (repodata.json): ...working... done
      Solving environment: ...working... failed
      
      LibMambaUnsatisfiableError: Encountered problems while solving:
        - nothing provides _python_rc needed by python-3.14.0rc1-h780d05a_2_cp314t
      
      Could not solve for environment specs
      The following package could not be installed
      └─ spades =3.15.5 * is not installable because it requires
         └─ python >3.9 * but there are no viable options
            ├─ python [3.10.10|3.10.11|...|3.9.23] would require
            │  ├─ libffi >=3.4,<4.0a0 *, which conflicts with any installable versions previously reported;
            │  └─ pypy3.9 [=7.3.11 *|=7.3.12 *|=7.3.13 *|=7.3.15 *|=7.3.9 *] but there are no viable options
            │     ├─ pypy3.9 [7.3.11|7.3.12|7.3.13|7.3.15|7.3.9] would require
            │     │  └─ libffi >=3.4,<4.0a0 *, which conflicts with any installable versions previously reported;
            │     └─ pypy3.9 [7.3.8|7.3.9] would require
            │        └─ libffi >=3.4.2,<3.5.0a0 *, which conflicts with any installable versions previously reported;
            ├─ python [3.11.12|3.11.13|...|3.14.0] would require
            │  └─ libffi >=3.4.6,<3.5.0a0 *, which conflicts with any installable versions previously reported;
            ├─ python [3.11.14|3.11.15|...|3.14.4] would require
            │  └─ libffi >=3.5.2,<3.6.0a0 *, which conflicts with any installable versions previously reported;
            ├─ python [3.14.0rc1|3.14.0rc2|3.14.0rc3] would require
            │  └─ _python_rc =* *, which does not exist (perhaps a missing channel);
            ├─ python [3.10.0|3.10.1|...|3.9.9] would require
            │  ├─ libffi >=3.4.2,<3.5.0a0 *, which conflicts with any installable versions previously reported;
            │  └─ pypy3.9 =7.3.8 *, which cannot be installed (as previously explained);
            ├─ python [3.9.1|3.9.2|...|3.9.7] would require
            │  └─ libffi >=3.3,<3.4.0a0 *, which conflicts with any installable versions previously reported;
            └─ python [3.10.0|3.10.10|...|3.9.7] conflicts with any installable versions previously reported.


java.lang.IllegalStateException: java.lang.IllegalStateException: Failed to create Conda environment
  command: conda create --yes --quiet --prefix /Users/ameyagarwal/Desktop/Assignments/CompGenNextflow/Nextflow-functionalities/work/conda/env-2c12a6665972de87847ebfc9a66dc513 bioconda::spades=3.15.5 conda-forge::python=3.9
  status : 1
  message:
    2 channel Terms of Service accepted
    Channels:
     - bioconda
     - conda-forge
     - defaults
    Platform: osx-64
    Collecting package metadata (repodata.json): ...working... done
    Solving environment: ...working... failed
    
    LibMambaUnsatisfiableError: Encountered problems while solving:
      - nothing provides _python_rc needed by python-3.14.0rc1-h780d05a_2_cp314t
    
    Could not solve for environment specs
    The following package could not be installed
    └─ spades =3.15.5 * is not installable because it requires
       └─ python >3.9 * but there are no viable options
          ├─ python [3.10.10|3.10.11|...|3.9.23] would require
          │  ├─ libffi >=3.4,<4.0a0 *, which conflicts with any installable versions previously reported;
          │  └─ pypy3.9 [=7.3.11 *|=7.3.12 *|=7.3.13 *|=7.3.15 *|=7.3.9 *] but there are no viable options
          │     ├─ pypy3.9 [7.3.11|7.3.12|7.3.13|7.3.15|7.3.9] would require
          │     │  └─ libffi >=3.4,<4.0a0 *, which conflicts with any installable versions previously reported;
          │     └─ pypy3.9 [7.3.8|7.3.9] would require
          │        └─ libffi >=3.4.2,<3.5.0a0 *, which conflicts with any installable versions previously reported;
          ├─ python [3.11.12|3.11.13|...|3.14.0] would require
          │  └─ libffi >=3.4.6,<3.5.0a0 *, which conflicts with any installable versions previously reported;
          ├─ python [3.11.14|3.11.15|...|3.14.4] would require
          │  └─ libffi >=3.5.2,<3.6.0a0 *, which conflicts with any installable versions previously reported;
          ├─ python [3.14.0rc1|3.14.0rc2|3.14.0rc3] would require
          │  └─ _python_rc =* *, which does not exist (perhaps a missing channel);
          ├─ python [3.10.0|3.10.1|...|3.9.9] would require
          │  ├─ libffi >=3.4.2,<3.5.0a0 *, which conflicts with any installable versions previously reported;
          │  └─ pypy3.9 =7.3.8 *, which cannot be installed (as previously explained);
          ├─ python [3.9.1|3.9.2|...|3.9.7] would require
          │  └─ libffi >=3.3,<3.4.0a0 *, which conflicts with any installable versions previously reported;
          └─ python [3.10.0|3.10.10|...|3.9.7] conflicts with any installable versions previously reported.

	at nextflow.conda.CondaCache.getCachePathFor(CondaCache.groovy:383)
	at org.codehaus.groovy.vmplugin.v8.IndyInterface.fromCache(IndyInterface.java:321)
	at nextflow.processor.TaskRun.getCondaEnv0(TaskRun.groovy:672)
	at java.base/jdk.internal.reflect.DirectMethodHandleAccessor.invoke(DirectMethodHandleAccessor.java:104)
	at java.base/java.lang.reflect.Method.invoke(Method.java:565)
	at org.codehaus.groovy.reflection.CachedMethod.invoke(CachedMethod.java:343)
	at groovy.lang.MetaMethod.doMethodInvoke(MetaMethod.java:328)
	at groovy.lang.MetaClassImpl.doInvokeMethod(MetaClassImpl.java:1339)
	at groovy.lang.MetaClassImpl.invokeMethod(MetaClassImpl.java:1094)
	at org.codehaus.groovy.runtime.ScriptBytecodeAdapter.invokeMethodOnCurrentN(ScriptBytecodeAdapter.java:97)
	at nextflow.processor.TaskRun.this$dist$invoke$1(TaskRun.groovy)
	at nextflow.processor.TaskRun$1.methodMissing(TaskRun.groovy)
	at java.base/jdk.internal.reflect.DirectMethodHandleAccessor.invoke(DirectMethodHandleAccessor.java:104)
	at java.base/java.lang.reflect.Method.invoke(Method.java:565)
	at org.codehaus.groovy.reflection.CachedMethod.invoke(CachedMethod.java:343)
	at groovy.lang.MetaClassImpl.invokeMissingMethod(MetaClassImpl.java:924)
	at groovy.lang.MetaClassImpl.invokePropertyOrMissing(MetaClassImpl.java:1419)
	at groovy.lang.MetaClassImpl.doInvokeMethod(MetaClassImpl.java:1341)
	at groovy.lang.MetaClassImpl.invokeMethod(MetaClassImpl.java:1094)
	at groovy.lang.MetaClassImpl.invokeMethod(MetaClassImpl.java:1007)
	at org.codehaus.groovy.vmplugin.v8.IndyInterface.fromCache(IndyInterface.java:321)
	at nextflow.processor.TaskRun$1.apply(TaskRun.groovy:663)
	at nextflow.processor.TaskRun$1.apply(TaskRun.groovy)
	at java.base/java.util.concurrent.ConcurrentHashMap.computeIfAbsent(ConcurrentHashMap.java:1724)
	at org.codehaus.groovy.vmplugin.v8.IndyInterface.fromCache(IndyInterface.java:321)
	at nextflow.processor.TaskRun.getCondaEnv(TaskRun.groovy:660)
	at org.codehaus.groovy.vmplugin.v8.IndyInterface.fromCache(IndyInterface.java:321)
	at nextflow.processor.TaskProcessor.createTaskHashKey(TaskProcessor.groovy:2065)
	at org.codehaus.groovy.vmplugin.v8.IndyInterface.fromCache(IndyInterface.java:321)
	at nextflow.processor.TaskProcessor.invokeTask(TaskProcessor.groovy:687)
	at nextflow.processor.InvokeTaskAdapter.call(InvokeTaskAdapter.groovy:52)
	at groovyx.gpars.dataflow.operator.DataflowOperatorActor.startTask(DataflowOperatorActor.java:120)
	at groovyx.gpars.dataflow.operator.ForkingDataflowOperatorActor.access$001(ForkingDataflowOperatorActor.java:35)
	at groovyx.gpars.dataflow.operator.ForkingDataflowOperatorActor$1.run(ForkingDataflowOperatorActor.java:58)
	at java.base/java.util.concurrent.ThreadPoolExecutor.runWorker(ThreadPoolExecutor.java:1090)
	at java.base/java.util.concurrent.ThreadPoolExecutor$Worker.run(ThreadPoolExecutor.java:614)
	at java.base/java.lang.Thread.run(Thread.java:1474)
Caused by: java.lang.IllegalStateException: Failed to create Conda environment
  command: conda create --yes --quiet --prefix /Users/ameyagarwal/Desktop/Assignments/CompGenNextflow/Nextflow-functionalities/work/conda/env-2c12a6665972de87847ebfc9a66dc513 bioconda::spades=3.15.5 conda-forge::python=3.9
  status : 1
  message:
    2 channel Terms of Service accepted
    Channels:
     - bioconda
     - conda-forge
     - defaults
    Platform: osx-64
    Collecting package metadata (repodata.json): ...working... done
    Solving environment: ...working... failed
    
    LibMambaUnsatisfiableError: Encountered problems while solving:
      - nothing provides _python_rc needed by python-3.14.0rc1-h780d05a_2_cp314t
    
    Could not solve for environment specs
    The following package could not be installed
    └─ spades =3.15.5 * is not installable because it requires
       └─ python >3.9 * but there are no viable options
          ├─ python [3.10.10|3.10.11|...|3.9.23] would require
          │  ├─ libffi >=3.4,<4.0a0 *, which conflicts with any installable versions previously reported;
          │  └─ pypy3.9 [=7.3.11 *|=7.3.12 *|=7.3.13 *|=7.3.15 *|=7.3.9 *] but there are no viable options
          │     ├─ pypy3.9 [7.3.11|7.3.12|7.3.13|7.3.15|7.3.9] would require
          │     │  └─ libffi >=3.4,<4.0a0 *, which conflicts with any installable versions previously reported;
          │     └─ pypy3.9 [7.3.8|7.3.9] would require
          │        └─ libffi >=3.4.2,<3.5.0a0 *, which conflicts with any installable versions previously reported;
          ├─ python [3.11.12|3.11.13|...|3.14.0] would require
          │  └─ libffi >=3.4.6,<3.5.0a0 *, which conflicts with any installable versions previously reported;
          ├─ python [3.11.14|3.11.15|...|3.14.4] would require
          │  └─ libffi >=3.5.2,<3.6.0a0 *, which conflicts with any installable versions previously reported;
          ├─ python [3.14.0rc1|3.14.0rc2|3.14.0rc3] would require
          │  └─ _python_rc =* *, which does not exist (perhaps a missing channel);
          ├─ python [3.10.0|3.10.1|...|3.9.9] would require
          │  ├─ libffi >=3.4.2,<3.5.0a0 *, which conflicts with any installable versions previously reported;
          │  └─ pypy3.9 =7.3.8 *, which cannot be installed (as previously explained);
          ├─ python [3.9.1|3.9.2|...|3.9.7] would require
          │  └─ libffi >=3.3,<3.4.0a0 *, which conflicts with any installable versions previously reported;
          └─ python [3.10.0|3.10.10|...|3.9.7] conflicts with any installable versions previously reported.

	at nextflow.conda.CondaCache.runCommand(CondaCache.groovy:331)
	at nextflow.conda.CondaCache.createLocalCondaEnv0(CondaCache.groovy:302)
	at java.base/jdk.internal.reflect.DirectMethodHandleAccessor.invoke(DirectMethodHandleAccessor.java:104)
	at java.base/java.lang.reflect.Method.invoke(Method.java:565)
	at org.codehaus.groovy.reflection.CachedMethod.invoke(CachedMethod.java:343)
	at groovy.lang.MetaMethod.doMethodInvoke(MetaMethod.java:328)
	at groovy.lang.MetaClassImpl.doInvokeMethod(MetaClassImpl.java:1339)
	at groovy.lang.MetaClassImpl.invokeMethod(MetaClassImpl.java:1094)
	at groovy.lang.MetaClassImpl.invokeMethod(MetaClassImpl.java:1007)
	at org.codehaus.groovy.runtime.InvokerHelper.invokePogoMethod(InvokerHelper.java:645)
	at org.codehaus.groovy.runtime.InvokerHelper.invokeMethod(InvokerHelper.java:628)
	at org.codehaus.groovy.runtime.InvokerHelper.invokeMethodSafe(InvokerHelper.java:82)
	at nextflow.conda.CondaCache$_createLocalCondaEnv_closure1.doCall(CondaCache.groovy:252)
	at nextflow.conda.CondaCache$_createLocalCondaEnv_closure1.call(CondaCache.groovy)
	at nextflow.file.FileMutex.lock(FileMutex.groovy:106)
	at nextflow.conda.CondaCache.createLocalCondaEnv(CondaCache.groovy:252)
	at java.base/jdk.internal.reflect.DirectMethodHandleAccessor.invoke(DirectMethodHandleAccessor.java:104)
	at java.base/java.lang.reflect.Method.invoke(Method.java:565)
	at org.codehaus.groovy.reflection.CachedMethod.invoke(CachedMethod.java:343)
	at groovy.lang.MetaMethod.doMethodInvoke(MetaMethod.java:328)
	at groovy.lang.MetaClassImpl.doInvokeMethod(MetaClassImpl.java:1339)
	at groovy.lang.MetaClassImpl.invokeMethod(MetaClassImpl.java:1094)
	at groovy.lang.MetaClassImpl.invokeMethod(MetaClassImpl.java:1007)
	at org.codehaus.groovy.runtime.InvokerHelper.invokePogoMethod(InvokerHelper.java:645)
	at org.codehaus.groovy.runtime.InvokerHelper.invokeMethod(InvokerHelper.java:628)
	at org.codehaus.groovy.runtime.InvokerHelper.invokeMethodSafe(InvokerHelper.java:82)
	at nextflow.conda.CondaCache$_getLazyImagePath_closure3.doCall(CondaCache.groovy:360)
	at nextflow.conda.CondaCache$_getLazyImagePath_closure3.call(CondaCache.groovy)
	at groovyx.gpars.dataflow.LazyDataflowVariable$1.run(LazyDataflowVariable.java:70)
	... 3 common frames omitted
Apr-20 13:36:48.250 [Actor Thread 8] DEBUG nextflow.Session - Session aborted -- Cause: java.lang.IllegalStateException: Failed to create Conda environment
  command: conda create --yes --quiet --prefix /Users/ameyagarwal/Desktop/Assignments/CompGenNextflow/Nextflow-functionalities/work/conda/env-2c12a6665972de87847ebfc9a66dc513 bioconda::spades=3.15.5 conda-forge::python=3.9
  status : 1
  message:
    2 channel Terms of Service accepted
    Channels:
     - bioconda
     - conda-forge
     - defaults
    Platform: osx-64
    Collecting package metadata (repodata.json): ...working... done
    Solving environment: ...working... failed
    
    LibMambaUnsatisfiableError: Encountered problems while solving:
      - nothing provides _python_rc needed by python-3.14.0rc1-h780d05a_2_cp314t
    
    Could not solve for environment specs
    The following package could not be installed
    └─ spades =3.15.5 * is not installable because it requires
       └─ python >3.9 * but there are no viable options
          ├─ python [3.10.10|3.10.11|...|3.9.23] would require
          │  ├─ libffi >=3.4,<4.0a0 *, which conflicts with any installable versions previously reported;
          │  └─ pypy3.9 [=7.3.11 *|=7.3.12 *|=7.3.13 *|=7.3.15 *|=7.3.9 *] but there are no viable options
          │     ├─ pypy3.9 [7.3.11|7.3.12|7.3.13|7.3.15|7.3.9] would require
          │     │  └─ libffi >=3.4,<4.0a0 *, which conflicts with any installable versions previously reported;
          │     └─ pypy3.9 [7.3.8|7.3.9] would require
          │        └─ libffi >=3.4.2,<3.5.0a0 *, which conflicts with any installable versions previously reported;
          ├─ python [3.11.12|3.11.13|...|3.14.0] would require
          │  └─ libffi >=3.4.6,<3.5.0a0 *, which conflicts with any installable versions previously reported;
          ├─ python [3.11.14|3.11.15|...|3.14.4] would require
          │  └─ libffi >=3.5.2,<3.6.0a0 *, which conflicts with any installable versions previously reported;
          ├─ python [3.14.0rc1|3.14.0rc2|3.14.0rc3] would require
          │  └─ _python_rc =* *, which does not exist (perhaps a missing channel);
          ├─ python [3.10.0|3.10.1|...|3.9.9] would require
          │  ├─ libffi >=3.4.2,<3.5.0a0 *, which conflicts with any installable versions previously reported;
          │  └─ pypy3.9 =7.3.8 *, which cannot be installed (as previously explained);
          ├─ python [3.9.1|3.9.2|...|3.9.7] would require
          │  └─ libffi >=3.3,<3.4.0a0 *, which conflicts with any installable versions previously reported;
          └─ python [3.10.0|3.10.10|...|3.9.7] conflicts with any installable versions previously reported.

Apr-20 13:36:48.278 [Actor Thread 8] DEBUG nextflow.Session - The following nodes are still active:
[process] SPADES
  status=ACTIVE
  port 0: (queue) closed; channel: -
  port 1: (cntrl) -     ; channel: $

Apr-20 13:36:48.299 [Actor Thread 8] DEBUG n.trace.WorkflowStatsObserver - Workflow completed > WorkflowStats[succeededCount=12; failedCount=0; ignoredCount=0; cachedCount=0; pendingCount=0; submittedCount=0; runningCount=0; retriesCount=0; abortedCount=0; succeedDuration=3m 5s; failedDuration=0ms; cachedDuration=0ms;loadCpus=0; loadMemory=0; peakRunning=1; peakCpus=4; peakMemory=8 GB; ]
Apr-20 13:36:48.335 [Task monitor] DEBUG n.processor.TaskPollingMonitor - <<< barrier arrives (monitor: local) - terminating tasks monitor poll loop
Apr-20 13:36:48.475 [main] DEBUG nextflow.Session - Session await > all processes finished
Apr-20 13:36:48.475 [main] DEBUG nextflow.Session - Session await > all barriers passed
Apr-20 13:36:48.475 [Actor Thread 3] DEBUG nextflow.processor.TaskProcessor - Handling unexpected condition for
  task: name=SPADES (2); work-dir=null
  error [java.lang.IllegalStateException]: java.lang.IllegalStateException: Failed to create Conda environment
  command: conda create --yes --quiet --prefix /Users/ameyagarwal/Desktop/Assignments/CompGenNextflow/Nextflow-functionalities/work/conda/env-2c12a6665972de87847ebfc9a66dc513 bioconda::spades=3.15.5 conda-forge::python=3.9
  status : 1
  message:
    2 channel Terms of Service accepted
    Channels:
     - bioconda
     - conda-forge
     - defaults
    Platform: osx-64
    Collecting package metadata (repodata.json): ...working... done
    Solving environment: ...working... failed
    
    LibMambaUnsatisfiableError: Encountered problems while solving:
      - nothing provides _python_rc needed by python-3.14.0rc1-h780d05a_2_cp314t
    
    Could not solve for environment specs
    The following package could not be installed
    └─ spades =3.15.5 * is not installable because it requires
       └─ python >3.9 * but there are no viable options
          ├─ python [3.10.10|3.10.11|...|3.9.23] would require
          │  ├─ libffi >=3.4,<4.0a0 *, which conflicts with any installable versions previously reported;
          │  └─ pypy3.9 [=7.3.11 *|=7.3.12 *|=7.3.13 *|=7.3.15 *|=7.3.9 *] but there are no viable options
          │     ├─ pypy3.9 [7.3.11|7.3.12|7.3.13|7.3.15|7.3.9] would require
          │     │  └─ libffi >=3.4,<4.0a0 *, which conflicts with any installable versions previously reported;
          │     └─ pypy3.9 [7.3.8|7.3.9] would require
          │        └─ libffi >=3.4.2,<3.5.0a0 *, which conflicts with any installable versions previously reported;
          ├─ python [3.11.12|3.11.13|...|3.14.0] would require
          │  └─ libffi >=3.4.6,<3.5.0a0 *, which conflicts with any installable versions previously reported;
          ├─ python [3.11.14|3.11.15|...|3.14.4] would require
          │  └─ libffi >=3.5.2,<3.6.0a0 *, which conflicts with any installable versions previously reported;
          ├─ python [3.14.0rc1|3.14.0rc2|3.14.0rc3] would require
          │  └─ _python_rc =* *, which does not exist (perhaps a missing channel);
          ├─ python [3.10.0|3.10.1|...|3.9.9] would require
          │  ├─ libffi >=3.4.2,<3.5.0a0 *, which conflicts with any installable versions previously reported;
          │  └─ pypy3.9 =7.3.8 *, which cannot be installed (as previously explained);
          ├─ python [3.9.1|3.9.2|...|3.9.7] would require
          │  └─ libffi >=3.3,<3.4.0a0 *, which conflicts with any installable versions previously reported;
          └─ python [3.10.0|3.10.10|...|3.9.7] conflicts with any installable versions previously reported.

Apr-20 13:36:48.477 [Actor Thread 6] DEBUG nextflow.processor.TaskProcessor - Handling unexpected condition for
  task: name=SPADES; work-dir=null
  error [java.lang.InterruptedException]: java.lang.InterruptedException
Apr-20 13:36:48.478 [Actor Thread 13] DEBUG nextflow.processor.TaskProcessor - Handling unexpected condition for
  task: name=SPADES (3); work-dir=null
  error [java.lang.IllegalStateException]: java.lang.IllegalStateException: Failed to create Conda environment
  command: conda create --yes --quiet --prefix /Users/ameyagarwal/Desktop/Assignments/CompGenNextflow/Nextflow-functionalities/work/conda/env-2c12a6665972de87847ebfc9a66dc513 bioconda::spades=3.15.5 conda-forge::python=3.9
  status : 1
  message:
    2 channel Terms of Service accepted
    Channels:
     - bioconda
     - conda-forge
     - defaults
    Platform: osx-64
    Collecting package metadata (repodata.json): ...working... done
    Solving environment: ...working... failed
    
    LibMambaUnsatisfiableError: Encountered problems while solving:
      - nothing provides _python_rc needed by python-3.14.0rc1-h780d05a_2_cp314t
    
    Could not solve for environment specs
    The following package could not be installed
    └─ spades =3.15.5 * is not installable because it requires
       └─ python >3.9 * but there are no viable options
          ├─ python [3.10.10|3.10.11|...|3.9.23] would require
          │  ├─ libffi >=3.4,<4.0a0 *, which conflicts with any installable versions previously reported;
          │  └─ pypy3.9 [=7.3.11 *|=7.3.12 *|=7.3.13 *|=7.3.15 *|=7.3.9 *] but there are no viable options
          │     ├─ pypy3.9 [7.3.11|7.3.12|7.3.13|7.3.15|7.3.9] would require
          │     │  └─ libffi >=3.4,<4.0a0 *, which conflicts with any installable versions previously reported;
          │     └─ pypy3.9 [7.3.8|7.3.9] would require
          │        └─ libffi >=3.4.2,<3.5.0a0 *, which conflicts with any installable versions previously reported;
          ├─ python [3.11.12|3.11.13|...|3.14.0] would require
          │  └─ libffi >=3.4.6,<3.5.0a0 *, which conflicts with any installable versions previously reported;
          ├─ python [3.11.14|3.11.15|...|3.14.4] would require
          │  └─ libffi >=3.5.2,<3.6.0a0 *, which conflicts with any installable versions previously reported;
          ├─ python [3.14.0rc1|3.14.0rc2|3.14.0rc3] would require
          │  └─ _python_rc =* *, which does not exist (perhaps a missing channel);
          ├─ python [3.10.0|3.10.1|...|3.9.9] would require
          │  ├─ libffi >=3.4.2,<3.5.0a0 *, which conflicts with any installable versions previously reported;
          │  └─ pypy3.9 =7.3.8 *, which cannot be installed (as previously explained);
          ├─ python [3.9.1|3.9.2|...|3.9.7] would require
          │  └─ libffi >=3.3,<3.4.0a0 *, which conflicts with any installable versions previously reported;
          └─ python [3.10.0|3.10.10|...|3.9.7] conflicts with any installable versions previously reported.

Apr-20 13:36:48.478 [Actor Thread 11] DEBUG nextflow.processor.TaskProcessor - Handling unexpected condition for
  task: name=SPADES (4); work-dir=null
  error [java.lang.IllegalStateException]: java.lang.IllegalStateException: Failed to create Conda environment
  command: conda create --yes --quiet --prefix /Users/ameyagarwal/Desktop/Assignments/CompGenNextflow/Nextflow-functionalities/work/conda/env-2c12a6665972de87847ebfc9a66dc513 bioconda::spades=3.15.5 conda-forge::python=3.9
  status : 1
  message:
    2 channel Terms of Service accepted
    Channels:
     - bioconda
     - conda-forge
     - defaults
    Platform: osx-64
    Collecting package metadata (repodata.json): ...working... done
    Solving environment: ...working... failed
    
    LibMambaUnsatisfiableError: Encountered problems while solving:
      - nothing provides _python_rc needed by python-3.14.0rc1-h780d05a_2_cp314t
    
    Could not solve for environment specs
    The following package could not be installed
    └─ spades =3.15.5 * is not installable because it requires
       └─ python >3.9 * but there are no viable options
          ├─ python [3.10.10|3.10.11|...|3.9.23] would require
          │  ├─ libffi >=3.4,<4.0a0 *, which conflicts with any installable versions previously reported;
          │  └─ pypy3.9 [=7.3.11 *|=7.3.12 *|=7.3.13 *|=7.3.15 *|=7.3.9 *] but there are no viable options
          │     ├─ pypy3.9 [7.3.11|7.3.12|7.3.13|7.3.15|7.3.9] would require
          │     │  └─ libffi >=3.4,<4.0a0 *, which conflicts with any installable versions previously reported;
          │     └─ pypy3.9 [7.3.8|7.3.9] would require
          │        └─ libffi >=3.4.2,<3.5.0a0 *, which conflicts with any installable versions previously reported;
          ├─ python [3.11.12|3.11.13|...|3.14.0] would require
          │  └─ libffi >=3.4.6,<3.5.0a0 *, which conflicts with any installable versions previously reported;
          ├─ python [3.11.14|3.11.15|...|3.14.4] would require
          │  └─ libffi >=3.5.2,<3.6.0a0 *, which conflicts with any installable versions previously reported;
          ├─ python [3.14.0rc1|3.14.0rc2|3.14.0rc3] would require
          │  └─ _python_rc =* *, which does not exist (perhaps a missing channel);
          ├─ python [3.10.0|3.10.1|...|3.9.9] would require
          │  ├─ libffi >=3.4.2,<3.5.0a0 *, which conflicts with any installable versions previously reported;
          │  └─ pypy3.9 =7.3.8 *, which cannot be installed (as previously explained);
          ├─ python [3.9.1|3.9.2|...|3.9.7] would require
          │  └─ libffi >=3.3,<3.4.0a0 *, which conflicts with any installable versions previously reported;
          └─ python [3.10.0|3.10.10|...|3.9.7] conflicts with any installable versions previously reported.

Apr-20 13:36:48.480 [main] DEBUG n.trace.WorkflowStatsObserver - Workflow completed > WorkflowStats[succeededCount=12; failedCount=0; ignoredCount=0; cachedCount=0; pendingCount=0; submittedCount=0; runningCount=0; retriesCount=0; abortedCount=0; succeedDuration=3m 5s; failedDuration=0ms; cachedDuration=0ms;loadCpus=0; loadMemory=0; peakRunning=1; peakCpus=4; peakMemory=8 GB; ]
Apr-20 13:36:48.494 [main] DEBUG nextflow.cache.CacheDB - Closing CacheDB done
Apr-20 13:36:48.537 [main] DEBUG nextflow.script.ScriptRunner - > Execution complete -- Goodbye
